Enter the preorder traversal of the tree: Enter the in-order traversal of the tree: Tree:

      4
     / \
    3   5
   /     \
  2       6
 /         \
1           7

TreeIsPerfectlyBalanced returned: FALSE
