Enter the preorder traversal of the tree: Enter the in-order traversal of the tree: Tree:

        1
       / \
      /   \
     /     \
    2       3
   / \     /
  4   5   6
 /
7

TreeIsPerfectlyBalanced returned: FALSE
