Enter list 1: Enter list 2: 
Set 1: {2, 3, 4, 5, 6}
Set 2: {7, 5, 3, 1}
Intersection: {3, 5}
