Enter list 1: Enter list 2: 
Set 1: {5, 8, 3, 9, 6, 7, 1, 4, 2}
Set 2: {3, 2, 8, 4, 0, 9}
Intersection: {2, 3, 4, 8, 9}
