Enter list 1: Enter list 2: 
Set 1: {9, 1, 8, 2, 5}
Set 2: {8}
Intersection: {8}
