Enter list 1: Enter list 2: 
Set 1: {1, 3, 5, 7, 9}
Set 2: {8, 6, 4, 2, 0}
Union set: {0, 1, 2, 3, 4, 5, 6, 7, 8, 9}
