Enter list 1: Enter list 2: 
Set 1: {}
Set 2: {1, 8, 3, 9}
Union set: {1, 3, 8, 9}
