Enter list: Original list: [0] -> [1] -> [1] -> [2] -> [3] -> [5] -> [8] -> [13] -> X
Reversed list: [13] -> [8] -> [5] -> [3] -> [2] -> [1] -> [1] -> [0] -> X
