Enter the preorder traversal of the BST: Tree:

2
 \
  5
   \
    8
   / \
  7   9

Enter k: For k = 0, BSTreeGetKth returned 2
Enter k: For k = 1, BSTreeGetKth returned 5
Enter k: For k = 2, BSTreeGetKth returned 7
Enter k: For k = 3, BSTreeGetKth returned 8
Enter k: For k = 4, BSTreeGetKth returned 9
Enter k: 