Enter the preorder traversal of the BST: 
Tree:

8

BSTreeGetSmallest returned: 8
