Enter the preorder traversal of the BST: 
Tree:

X

BSTreeGetSmallest returned: NULL
