Enter the preorder traversal of the tree: Enter the in-order traversal of the tree: Tree:

      5
     / \
    /   \
   /     \
  2       7
 / \     / \
1   4   6   9

TreeSumOdds returned 22
